// Jest Snapshot v1, https://goo.gl/fbAQLP

exports[`Plots-ColumnChart 基础柱状图 1`] = `
Object {
  "animation": true,
  "appendPadding": Array [
    10,
    5,
    10,
    10,
  ],
  "autoFit": true,
  "colorField": "type",
  "columnWidthRatio": 0.6,
  "data": Array [
    Object {
      "sales": 38,
      "type": "家具家电",
    },
    Object {
      "sales": 52,
      "type": "粮油副食",
    },
    Object {
      "sales": 61,
      "type": "生鲜水果",
    },
    Object {
      "sales": 145,
      "type": "美容洗护",
    },
    Object {
      "sales": 48,
      "type": "母婴用品",
    },
    Object {
      "sales": 38,
      "type": "进口食品",
    },
    Object {
      "sales": 38,
      "type": "食品饮料",
    },
    Object {
      "sales": 38,
      "type": "家庭清洁",
    },
  ],
  "interactions": Array [
    Object {
      "type": "active-region",
    },
  ],
  "legend": Object {
    "position": "top-left",
  },
  "marginRatio": 0.03125,
  "renderer": "canvas",
  "seriesField": "type",
  "tooltip": Object {
    "offset": 20,
    "shared": true,
    "showMarkers": false,
  },
  "xAxis": Object {
    "label": Object {
      "autoHide": Object {
        "cfg": Object {
          "minGap": 6,
        },
        "type": "equidistance",
      },
      "autoRotate": false,
    },
    "nice": true,
  },
  "xField": "type",
  "yAxis": Object {
    "label": Object {
      "autoHide": true,
      "autoRotate": false,
    },
    "nice": true,
  },
  "yField": "sales",
}
`;
