// Jest Snapshot v1, https://goo.gl/fbAQLP

exports[`Plots-GroupedColumnChart 基础-分组柱状图 1`] = `
Object {
  "animation": true,
  "appendPadding": Array [
    10,
    5,
    10,
    10,
  ],
  "autoFit": true,
  "columnWidthRatio": 0.6,
  "data": Array [
    Object {
      "label": "Mon.",
      "type": "series1",
      "value": 2800,
    },
    Object {
      "label": "Mon.",
      "type": "series2",
      "value": 2260,
    },
    Object {
      "label": "Tues.",
      "type": "series1",
      "value": 1800,
    },
    Object {
      "label": "Tues.",
      "type": "series2",
      "value": 1300,
    },
    Object {
      "label": "Wed.",
      "type": "series1",
      "value": 950,
    },
    Object {
      "label": "Wed.",
      "type": "series2",
      "value": 900,
    },
    Object {
      "label": "Thur.",
      "type": "series1",
      "value": 500,
    },
    Object {
      "label": "Thur.",
      "type": "series2",
      "value": 390,
    },
    Object {
      "label": "Fri.",
      "type": "series1",
      "value": 170,
    },
    Object {
      "label": "Fri.",
      "type": "series2",
      "value": 100,
    },
  ],
  "groupField": "type",
  "interactions": Array [
    Object {
      "type": "active-region",
    },
  ],
  "legend": false,
  "marginRatio": 0.03125,
  "renderer": "canvas",
  "tooltip": Object {
    "offset": 20,
    "shared": true,
    "showMarkers": false,
  },
  "xAxis": Object {
    "label": Object {
      "autoHide": Object {
        "cfg": Object {
          "minGap": 6,
        },
        "type": "equidistance",
      },
      "autoRotate": false,
    },
    "nice": true,
  },
  "xField": "label",
  "yAxis": Object {
    "label": Object {
      "autoHide": true,
      "autoRotate": false,
    },
    "nice": true,
  },
  "yField": "value",
}
`;
